// Jest Snapshot v1, https://goo.gl/fbAQLP

exports[`RegisterPage renders correctly 1`] = `
<div>
  <div
    class=MuiGrid-root MuiGrid-container MuiGrid-spacing-xs-3 css-XXXXX-MuiGrid-root
  >
    <div
      class=MuiGrid-root MuiGrid-item MuiGrid-grid-xs-12 MuiGrid-grid-md-8 css-XXXXX-MuiGrid-root
    >
      <div
        class="css-xpzruu-accordionContainer"
        data-testid="accordion_container"
      />
    </div>
    <div
      class=MuiGrid-root MuiGrid-item MuiGrid-grid-xs-12 MuiGrid-grid-md-4 aside-wrapper css-XXXXX-MuiGrid-root
    />
  </div>
</div>
`;
